// Jest Snapshot v1, https://goo.gl/fbAQLP

exports[`PatientForm renders correctly 1`] = `"<div class=\\"form-wrapper\\"><form action=\\"#\\"><div class=\\"mb-2\\"><label>Fullname:</label><input name=\\"fullname\\" type=\\"text\\" class=\\"form-control\\" value=\\"\\"></div><div class=\\"mb-2\\"><label>Email:</label><input name=\\"email\\" type=\\"text\\" class=\\"form-control\\" value=\\"\\"></div><div class=\\"mb-2\\"><label>Phone Number:</label><input name=\\"phoneNo\\" type=\\"number\\" class=\\"form-control\\" value=\\"\\"></div><div class=\\"mb-2\\"><label>Address:</label><input name=\\"address\\" type=\\"text\\" class=\\"form-control\\" value=\\"\\"></div><div class=\\"mb-2\\"><label>Gender:</label><select name=\\"gender\\" class=\\"form-control\\"><option value=\\"\\">Please select value</option><option value=\\"MALE\\">Male</option><option value=\\"FEMALE\\">Female</option></select></div><div class=\\"mb-2\\"><label>Special Attention:</label><select name=\\"specialAttention\\" class=\\"form-control\\"><option value=\\"\\">Please select value</option><option value=\\"true\\">Yes</option><option value=\\"false\\">No</option></select></div><div class=\\"mb-3\\"><label>Date Of Birth:</label><input name=\\"dateOfBirth\\" type=\\"date\\" class=\\"form-control\\" value=\\"\\"></div><div class=\\"mb-3\\"><label>Select Image</label><input type=\\"file\\" name=\\"file\\" class=\\"form-control\\"></div><button type=\\"submit\\" block=\\"block\\" class=\\"btn btn-primary btn-lg\\"></button></form></div>"`;
